
> frontend@0.1.0 build
> next build

▲ Next.js 16.1.6 (Turbopack)

  Creating an optimized production build ...

> Build error occurred
Error: Turbopack build failed with 1 errors:
./src/app/page.tsx:6:1
Module not found: Can't resolve 'react-map-gl'
[0m [90m 4 |[39m [36mimport[39m [33mDeckGL[39m [36mfrom[39m [32m'@deck.gl/react'[39m[33m;[39m
 [90m 5 |[39m [36mimport[39m { [33mColumnLayer[39m[33m,[39m [33mScatterplotLayer[39m } [36mfrom[39m [32m'@deck.gl/layers'[39m[33m;[39m
[31m[1m>[22m[39m[90m 6 |[39m [36mimport[39m { [33mMap[39m } [36mfrom[39m [32m'react-map-gl'[39m[33m;[39m
 [90m   |[39m [31m[1m^[22m[39m[31m[1m^[22m[39m[31m[1m^[22m[39m[31m[1m^[22m[39m[31m[1m^[22m[39m[31m[1m^[22m[39m[31m[1m^[22m[39m[31m[1m^[22m[39m[31m[1m^[22m[39m[31m[1m^[22m[39m[31m[1m^[22m[39m[31m[1m^[22m[39m[31m[1m^[22m[39m[31m[1m^[22m[39m[31m[1m^[22m[39m[31m[1m^[22m[39m[31m[1m^[22m[39m[31m[1m^[22m[39m[31m[1m^[22m[39m[31m[1m^[22m[39m[31m[1m^[22m[39m[31m[1m^[22m[39m[31m[1m^[22m[39m[31m[1m^[22m[39m[31m[1m^[22m[39m[31m[1m^[22m[39m[31m[1m^[22m[39m[31m[1m^[22m[39m[31m[1m^[22m[39m[31m[1m^[22m[39m[31m[1m^[22m[39m[31m[1m^[22m[39m[31m[1m^[22m[39m[31m[1m^[22m[39m[31m[1m^[22m[39m
 [90m 7 |[39m [36mimport[39m { geospatialAPI } [36mfrom[39m [32m'@/services/api'[39m[33m;[39m
 [90m 8 |[39m [36mimport[39m { [33mLayers[39m[33m,[39m [33mActivity[39m } [36mfrom[39m [32m'lucide-react'[39m[33m;[39m
 [90m 9 |[39m[0m



Import traces:
  Client Component Browser:
    ./src/app/page.tsx [Client Component Browser]
    ./src/app/page.tsx [Server Component]

  Client Component SSR:
    ./src/app/page.tsx [Client Component SSR]
    ./src/app/page.tsx [Server Component]

https://nextjs.org/docs/messages/module-not-found


    at <unknown> (./src/app/page.tsx:6:1)
    at <unknown> (https://nextjs.org/docs/messages/module-not-found)
